../source/main.c:106:6:ADC0_init	8	static
../source/main.c:119:5:main	16	static
../source/main.c:170:6:taskTemperature	40	static
../source/main.c:200:6:taskHumidity	32	static
../source/main.c:213:6:taskLcd	64	static
../source/main.c:251:6:taskMenu	16	static
../source/main.c:259:6:sysStartupScreen	8	static
../source/main.c:268:6:sysComponentsInit	8	static
../source/main.c:274:6:sysLcdInit	48	static
../source/main.c:317:6:sysAdcInit	8	static
../source/main.c:331:6:taskControlLed	8	static
../source/main.c:337:6:sysPwmInit	8	static
